// Jest Snapshot v1, https://goo.gl/fbAQLP

exports[`Breadcrumbs: (with readme) should compile README breadcrumbs' 1`] = `"hello"`;
